The property is satisfied in the initial state (5 system states, 10 rewrites, 17 game states)
The property is satisfied in the initial state (5 system states, 9 rewrites, 17 game states)
The property is satisfied in the initial state (5 system states, 10 rewrites, 17 game states)
The property is satisfied in the initial state (5 system states, 9 rewrites, 17 game states)
The property is not satisfied in the initial state (6 system states, 11 rewrites, 21 game states)
The property is satisfied in the initial state (5 system states, 9 rewrites, 17 game states)
The property is not satisfied in the initial state (3 system states, 8 rewrites, 9 game states)
The property is satisfied in the initial state (5 system states, 10 rewrites, 17 game states)
