The property is satisfied in the initial state (6 system states, 62 rewrites)
The property is satisfied in the initial state (5 system states, 60 rewrites)
The property is satisfied in the initial state (6 system states, 62 rewrites)
The property is satisfied in the initial state (5 system states, 60 rewrites)
The property is not satisfied in the initial state (6 system states, 72 rewrites)
The property is satisfied in the initial state (5 system states, 60 rewrites)
The property is not satisfied in the initial state (6 system states, 18 rewrites)
The property is satisfied in the initial state (3 system states, 8 rewrites)
