The property is not satisfied in the initial state (7 system states, 15 rewrites, holds in 1/7 states)
The property is not satisfied in the initial state (7 system states, 15 rewrites, holds in 3/7 states)
The property is satisfied in the initial state (7 system states, 15 rewrites, holds in 7/7 states)
The property is not satisfied in the initial state (6 system states, 12 rewrites, holds in 3/6 states)
The property is not satisfied in the initial state (6 system states, 12 rewrites, holds in 2/6 states)
The property is not satisfied in the initial state (6 system states, 12 rewrites, holds in 2/6 states)
The property is satisfied in the initial state (6 system states, 12 rewrites, holds in 6/6 states)
The property is satisfied in the initial state (6 system states, 9 rewrites, holds in 3/6 states)
The property is not satisfied in the initial state (6 system states, 12 rewrites, holds in 2/6 states)
