The property is not satisfied in the initial state (7 system states, 15 rewrites)
| e e [empty]
∨  rl [put1] : e O:Soup [I:Soup] => O:Soup [e I:Soup] . 
| e [e]
∨  rl [apple] : O:Soup [e I:Soup] => a O:Soup [I:Soup] . 
| e a [empty]
∨  rl [put1] : e O:Soup [I:Soup] => O:Soup [e I:Soup] . 
| a [e]
∨  rl [apple] : O:Soup [e I:Soup] => a O:Soup [I:Soup] . 
X a a [empty]
The property is not satisfied in the initial state (7 system states, 15 rewrites)
| e e [empty]
∨  rl [put1] : e O:Soup [I:Soup] => O:Soup [e I:Soup] . 
| e [e]
∨  rl [put1] : e O:Soup [I:Soup] => O:Soup [e I:Soup] . 
| empty [e e]
∨  rl [cake] : O:Soup [e e I:Soup] => c O:Soup [I:Soup] . 
X c [empty]
The property is satisfied in the initial state (7 system states, 15 rewrites)
The property is not satisfied in the initial state (6 system states, 12 rewrites)
| e e [empty]
|  @ put1 ; apple | put1 ; put1 ; cake 
∨  rl [put1] : e O:Soup [I:Soup] => O:Soup [e I:Soup] . 
| e [e]
|  @ apple 
∨  rl [apple] : O:Soup [e I:Soup] => a O:Soup [I:Soup] . 
X e a [empty]
The property is not satisfied in the initial state (6 system states, 12 rewrites)
| e e [empty] @ put1 ; apple | put1 ; put1 ; cake
∨  put1 
| e [e] @ put1
∨  put1 
| empty [e e] @ cake
∨  cake 
X c [empty] @ None
The property is not satisfied in the initial state (6 system states, 12 rewrites)
| false 3
∨  "vending.maude", line 19 (mod VENDING-MACHINE) 
| false 3
∨  "vending.maude", line 19 (mod VENDING-MACHINE) 
| false 3
∨  "vending.maude", line 21 (mod VENDING-MACHINE) 
X true 3
The property is satisfied in the initial state (6 system states, 12 rewrites)
The property is satisfied in the initial state (6 system states, 9 rewrites)
The property is satisfied in the initial state (6 system states, 12 rewrites)
