The property is satisfied in the initial state (6 system states, 7 rewrites, 4 game states)
The property is not satisfied in the initial state (4 system states, 4 rewrites, 2 game states)
The property is not satisfied in the initial state (6 system states, 8 rewrites, 5 game states)
The property is satisfied in the initial state (5 system states, 7 rewrites, 4 game states)
The property is satisfied in the initial state (5 system states, 6 rewrites, 4 game states)
The property is satisfied in the initial state (7 system states, 15 rewrites, 28 game states)
The property is satisfied in the initial state (7 system states, 13 rewrites, 28 game states)
