The property is not satisfied in the initial state (22 system states, 71 rewrites, 2 Büchi states)
| nothing ball nothing
∨  rl B?:MaybeBall => cup(B?:MaybeBall) [label cover] . 
| cup(nothing) ball nothing
∨  rl B?:MaybeBall => cup(B?:MaybeBall) [label cover] . 
| cup(nothing) cup(ball) nothing
∨  rl B?:MaybeBall => cup(B?:MaybeBall) [label cover] . 
| cup(nothing) cup(ball) cup(nothing)
∨  rl cup(B1?:MaybeBall) T:Table cup(B2?:MaybeBall) => cup(B2?:MaybeBall) T:Table cup(B1?:MaybeBall) [label swap] . 
| | cup(nothing) cup(nothing) cup(ball)
| ∨  rl cup(B1?:MaybeBall) T:Table cup(B2?:MaybeBall) => cup(B2?:MaybeBall) T:Table cup(B1?:MaybeBall) [label swap] . 
< ∨
The property is satisfied in the initial state (48 system states, 12944 rewrites, 2 Büchi states)
The property is satisfied in the initial state (48 system states, 12944 rewrites, 2 Büchi states)
