 1.0                  head
 0.0                  tail
 0.5                  head
 0.5                  tail
 0.5                  head
 0.5                  tail
 1.0                  head
 1.0                  tail
 1.0                  head
 0.75                 head
 0.25                 tail
 0.75                 head
 0.25                 tail
